// Jest Snapshot v1, https://goo.gl/fbAQLP

exports[`should render IndexLayout correctly 1`] = `
<div>
  <h1>
    welcome
  </h1>
</div>
`;
